#-----------------------------------------------------------
# Vivado v2024.2 (64-bit)
# SW Build 5239630 on Fri Nov 08 22:35:27 MST 2024
# IP Build 5239520 on Sun Nov 10 16:12:51 MST 2024
# SharedData Build 5239561 on Fri Nov 08 14:39:27 MST 2024
# Start of session at: Wed Nov 12 23:33:18 2025
# Process ID         : 15448
# Current directory  : I:/testAPP/sim_work
# Command line       : vivado.exe -mode batch -source run_sim.tcl
# Log file           : I:/testAPP/sim_work/vivado.log
# Journal file       : I:/testAPP/sim_work\vivado.jou
# Running On         : DESKTOP-M79FMGV
# Platform           : Windows Server 2016 or Windows 10
# Operating System   : 19045
# Processor Detail   : Intel(R) Core(TM) i5-8265U CPU @ 1.60GHz
# CPU Frequency      : 1800 MHz
# CPU Physical cores : 4
# CPU Logical cores  : 8
# Host memory        : 21344 MB
# Swap memory        : 5637 MB
# Total Virtual      : 26981 MB
# Available Virtual  : 11648 MB
#-----------------------------------------------------------
source run_sim.tcl
